
> karachitoys@0.1.0 build
> next build

   ▲ Next.js 15.5.22
   - Environments: .env.local

   Creating an optimized production build ...
 ⚠ Compiled with warnings in 3.0s

./node_modules/jose/dist/webapi/lib/deflate.js
A Node.js API is used (CompressionStream at line: 10) which is not supported in the Edge Runtime.
Learn more: https://nextjs.org/docs/api-reference/edge-runtime

Import trace for requested module:
./node_modules/jose/dist/webapi/lib/deflate.js
./node_modules/jose/dist/webapi/lib/jwe_decrypt.js
./node_modules/jose/dist/webapi/jwt/decrypt.js
./node_modules/jose/dist/webapi/index.js

./node_modules/jose/dist/webapi/lib/deflate.js
A Node.js API is used (DecompressionStream at line: 26) which is not supported in the Edge Runtime.
Learn more: https://nextjs.org/docs/api-reference/edge-runtime

Import trace for requested module:
./node_modules/jose/dist/webapi/lib/deflate.js
./node_modules/jose/dist/webapi/lib/jwe_decrypt.js
./node_modules/jose/dist/webapi/jwt/decrypt.js
./node_modules/jose/dist/webapi/index.js

 ✓ Compiled successfully in 51s
   Linting and checking validity of types ...
Failed to compile.

.next/types/app/api/imports/[id]/start/route.ts:166:7
Type error: Type '{ __tag__: "POST"; __param_position__: "second"; __param_type__: { params: Promise<{ id: string; }> | { id: string; }; }; }' does not satisfy the constraint 'ParamCheck<RouteContext>'.
  The types of '__param_type__.params' are incompatible between these types.
    Type 'Promise<{ id: string; }> | { id: string; }' is not assignable to type 'Promise<any>'.
      Type '{ id: string; }' is missing the following properties from type 'Promise<any>': then, catch, finally, [Symbol.toStringTag]

[0m [90m 164 |[39m     [33mDiff[39m[33m<[39m
 [90m 165 |[39m       [33mParamCheck[39m[33m<[39m[33mRouteContext[39m[33m>[39m[33m,[39m
[31m[1m>[22m[39m[90m 166 |[39m       {
 [90m     |[39m       [31m[1m^[22m[39m
 [90m 167 |[39m         __tag__[33m:[39m [32m'POST'[39m
 [90m 168 |[39m         __param_position__[33m:[39m [32m'second'[39m
 [90m 169 |[39m         __param_type__[33m:[39m [33mSecondArg[39m[33m<[39m[33mMaybeField[39m[33m<[39m[33mTEntry[39m[33m,[39m [32m'POST'[39m[33m>>[39m[0m
Next.js build worker exited with code: 1 and signal: null
